// Jest Snapshot v1, https://goo.gl/fbAQLP

exports[`Main page should render correctly 1`] = `
Object {
  "asFragment": [Function],
  "baseElement": <body>
    <div>
      <div
        class="main-bar"
      >
        <nav
          class="sidebar"
        >
          <div
            class="sidebar-header"
          >
            <div
              class="sidebar-header-icon"
            >
              <img
                alt="Our logo"
                class="logo"
                src="logo.png"
              />
            </div>
          </div>
          <ul
            class="sidebar-list"
          >
            <li
              class="sidebar-item"
            >
              <a
                class="link"
                href="/main"
              >
                DOCTORS
              </a>
            </li>
            <li
              class="sidebar-item"
            >
              <a
                class="link"
                href="/add_doctor"
              >
                ADD DOCTOR
              </a>
            </li>
            <li
              class="sidebar-item"
            >
              <a
                class="link"
                href="/doctors/delete"
              >
                DELETE DOCTOR
              </a>
            </li>
            <li
              class="sidebar-item"
            >
              <a
                class="link"
                href="/reserve"
              >
                RESERVE
              </a>
            </li>
            <li
              class="sidebar-item"
            >
              <a
                class="link"
                href="/reservations"
              >
                MY RESERVATIONS
              </a>
            </li>
          </ul>
          <a
            class="link sign-out-side"
            href="/signin"
          >
            Sign Out
          </a>
        </nav>
        <div
          class="main"
        >
          <h1
            class="doctor-list-title"
          >
            BROWSE DOCTORS
          </h1>
          <p
            class="doctor-list-subtitle"
          >
            Select a doctor to see details or reserve
          </p>
          <div
            class="dots-wrapper"
          >
            <img
              alt="dots-bar"
              class="dots-bar"
              src="dots.png"
            />
          </div>
          <p
            class="no-doctors-message"
          >
            <a
              class="link"
              href="/add_doctor"
            >
              Add a new doctor 
            </a>
          </p>
          <div
            class="arrow-buttons-container"
          >
            <button
              class="arrow-button arrow-left"
              type="button"
            >
              <img
                alt="arrow-left"
                class="arrow-left"
                src="arrow-left.png"
              />
            </button>
            <button
              class="arrow-button arrow-right"
              type="button"
            >
              <img
                alt="arrow-right"
                class="arrow-right"
                src="arrow-right.png"
              />
            </button>
          </div>
        </div>
      </div>
    </div>
  </body>,
  "container": <div>
    <div
      class="main-bar"
    >
      <nav
        class="sidebar"
      >
        <div
          class="sidebar-header"
        >
          <div
            class="sidebar-header-icon"
          >
            <img
              alt="Our logo"
              class="logo"
              src="logo.png"
            />
          </div>
        </div>
        <ul
          class="sidebar-list"
        >
          <li
            class="sidebar-item"
          >
            <a
              class="link"
              href="/main"
            >
              DOCTORS
            </a>
          </li>
          <li
            class="sidebar-item"
          >
            <a
              class="link"
              href="/add_doctor"
            >
              ADD DOCTOR
            </a>
          </li>
          <li
            class="sidebar-item"
          >
            <a
              class="link"
              href="/doctors/delete"
            >
              DELETE DOCTOR
            </a>
          </li>
          <li
            class="sidebar-item"
          >
            <a
              class="link"
              href="/reserve"
            >
              RESERVE
            </a>
          </li>
          <li
            class="sidebar-item"
          >
            <a
              class="link"
              href="/reservations"
            >
              MY RESERVATIONS
            </a>
          </li>
        </ul>
        <a
          class="link sign-out-side"
          href="/signin"
        >
          Sign Out
        </a>
      </nav>
      <div
        class="main"
      >
        <h1
          class="doctor-list-title"
        >
          BROWSE DOCTORS
        </h1>
        <p
          class="doctor-list-subtitle"
        >
          Select a doctor to see details or reserve
        </p>
        <div
          class="dots-wrapper"
        >
          <img
            alt="dots-bar"
            class="dots-bar"
            src="dots.png"
          />
        </div>
        <p
          class="no-doctors-message"
        >
          <a
            class="link"
            href="/add_doctor"
          >
            Add a new doctor 
          </a>
        </p>
        <div
          class="arrow-buttons-container"
        >
          <button
            class="arrow-button arrow-left"
            type="button"
          >
            <img
              alt="arrow-left"
              class="arrow-left"
              src="arrow-left.png"
            />
          </button>
          <button
            class="arrow-button arrow-right"
            type="button"
          >
            <img
              alt="arrow-right"
              class="arrow-right"
              src="arrow-right.png"
            />
          </button>
        </div>
      </div>
    </div>
  </div>,
  "debug": [Function],
  "findAllByAltText": [Function],
  "findAllByDisplayValue": [Function],
  "findAllByLabelText": [Function],
  "findAllByPlaceholderText": [Function],
  "findAllByRole": [Function],
  "findAllByTestId": [Function],
  "findAllByText": [Function],
  "findAllByTitle": [Function],
  "findByAltText": [Function],
  "findByDisplayValue": [Function],
  "findByLabelText": [Function],
  "findByPlaceholderText": [Function],
  "findByRole": [Function],
  "findByTestId": [Function],
  "findByText": [Function],
  "findByTitle": [Function],
  "getAllByAltText": [Function],
  "getAllByDisplayValue": [Function],
  "getAllByLabelText": [Function],
  "getAllByPlaceholderText": [Function],
  "getAllByRole": [Function],
  "getAllByTestId": [Function],
  "getAllByText": [Function],
  "getAllByTitle": [Function],
  "getByAltText": [Function],
  "getByDisplayValue": [Function],
  "getByLabelText": [Function],
  "getByPlaceholderText": [Function],
  "getByRole": [Function],
  "getByTestId": [Function],
  "getByText": [Function],
  "getByTitle": [Function],
  "queryAllByAltText": [Function],
  "queryAllByDisplayValue": [Function],
  "queryAllByLabelText": [Function],
  "queryAllByPlaceholderText": [Function],
  "queryAllByRole": [Function],
  "queryAllByTestId": [Function],
  "queryAllByText": [Function],
  "queryAllByTitle": [Function],
  "queryByAltText": [Function],
  "queryByDisplayValue": [Function],
  "queryByLabelText": [Function],
  "queryByPlaceholderText": [Function],
  "queryByRole": [Function],
  "queryByTestId": [Function],
  "queryByText": [Function],
  "queryByTitle": [Function],
  "rerender": [Function],
  "unmount": [Function],
}
`;
