// Jest Snapshot v1, https://goo.gl/fbAQLP

exports[`Reservation component should render correctly 1`] = `
Object {
  "asFragment": [Function],
  "baseElement": <body>
    <div>
      <li
        class="reservation-card"
      >
        <img
          alt="doctor"
          class="reservation-image"
        />
        <h2
          class="reservation-name"
        >
          Dr.
           
          John Doe
        </h2>
        <img
          alt="dots-bar"
          class="dots-bar"
          src="dots.png"
        />
        <p>
          2023-04-20
        </p>
        <p
          class="reservation-city"
        >
          Based in
           
          New York
        </p>
        <button
          class="reservation-details"
          type="button"
        >
          Cancel
        </button>
      </li>
    </div>
  </body>,
  "container": <div>
    <li
      class="reservation-card"
    >
      <img
        alt="doctor"
        class="reservation-image"
      />
      <h2
        class="reservation-name"
      >
        Dr.
         
        John Doe
      </h2>
      <img
        alt="dots-bar"
        class="dots-bar"
        src="dots.png"
      />
      <p>
        2023-04-20
      </p>
      <p
        class="reservation-city"
      >
        Based in
         
        New York
      </p>
      <button
        class="reservation-details"
        type="button"
      >
        Cancel
      </button>
    </li>
  </div>,
  "debug": [Function],
  "findAllByAltText": [Function],
  "findAllByDisplayValue": [Function],
  "findAllByLabelText": [Function],
  "findAllByPlaceholderText": [Function],
  "findAllByRole": [Function],
  "findAllByTestId": [Function],
  "findAllByText": [Function],
  "findAllByTitle": [Function],
  "findByAltText": [Function],
  "findByDisplayValue": [Function],
  "findByLabelText": [Function],
  "findByPlaceholderText": [Function],
  "findByRole": [Function],
  "findByTestId": [Function],
  "findByText": [Function],
  "findByTitle": [Function],
  "getAllByAltText": [Function],
  "getAllByDisplayValue": [Function],
  "getAllByLabelText": [Function],
  "getAllByPlaceholderText": [Function],
  "getAllByRole": [Function],
  "getAllByTestId": [Function],
  "getAllByText": [Function],
  "getAllByTitle": [Function],
  "getByAltText": [Function],
  "getByDisplayValue": [Function],
  "getByLabelText": [Function],
  "getByPlaceholderText": [Function],
  "getByRole": [Function],
  "getByTestId": [Function],
  "getByText": [Function],
  "getByTitle": [Function],
  "queryAllByAltText": [Function],
  "queryAllByDisplayValue": [Function],
  "queryAllByLabelText": [Function],
  "queryAllByPlaceholderText": [Function],
  "queryAllByRole": [Function],
  "queryAllByTestId": [Function],
  "queryAllByText": [Function],
  "queryAllByTitle": [Function],
  "queryByAltText": [Function],
  "queryByDisplayValue": [Function],
  "queryByLabelText": [Function],
  "queryByPlaceholderText": [Function],
  "queryByRole": [Function],
  "queryByTestId": [Function],
  "queryByText": [Function],
  "queryByTitle": [Function],
  "rerender": [Function],
  "unmount": [Function],
}
`;
